// Jest Snapshot v1, https://goo.gl/fbAQLP

exports[`CategoryItem renders correctly 1`] = `
<li>
  <Styled(button)
    isActive={false}
    onClick={[Function]}
  >
    Foo
  </Styled(button)>
</li>
`;
