// Jest Snapshot v1, https://goo.gl/fbAQLP

exports[`App renders correctly 1`] = `
<Styled(main)>
  <CategoriesProvider>
    <Categories />
    <Styled(main)>
      <Search />
      <List />
    </Styled(main)>
  </CategoriesProvider>
</Styled(main)>
`;
