// Jest Snapshot v1, https://goo.gl/fbAQLP

exports[`Categories renders correctly 1`] = `
<Styled(nav)>
  <h2>
    Categories
  </h2>
  <ul>
    <CategoryItem
      key="Foo"
      name="Foo"
    />
    <CategoryItem
      key="Bar"
      name="Bar"
    />
  </ul>
</Styled(nav)>
`;
